I'm sorry, but errors were detected in your script. Please correct the
errors listed below, and try again.


File "renpy/common/00sync.rpy", line 617: the color keyword argument was not given a value.
    color
         ^

Ren'Py Version: Ren'Py 8.2.1.24030407
Sun May 26 21:49:15 2024
